<testsuites name="jest tests" tests="1" failures="0" time="0.792">
  <testsuite name="undefined" errors="0" failures="0" skipped="0" timestamp="2020-05-24T05:23:41" time="0.792" tests="1">
    <testcase classname=" renders without crashing" name=" renders without crashing" time="0.023">
    </testcase>
  </testsuite>
</testsuites>